'2015.09.17T11:06:23.584 /chat/src/chatserver.q: No such file or directory
'2015.09.17T11:06:24.099 /chat/src/chatclient.q: No such file or directory
'2015.09.17T11:06:24.109 /chat/src/chatclient.q: No such file or directory
Can't connect to chat serverhop: Connection refused
Can't connect to chat serverhop: Connection refused
Can't connect to chat serverhop: Connection refused
Can't connect to chat serverhop: Connection refused
